2026-09-17T07:04:02.0553945Z Current runner version: '2.337.0'
2026-09-17T07:04:02.0580048Z ##[group]Runner Image Provisioner
2026-09-17T07:04:02.0580944Z Hosted Compute Agent
2026-09-17T07:04:02.0581750Z Version: 20260828.587
2026-09-17T07:04:02.0582434Z Commit: abac92662cab4cc7352de4f9f9d2e2419aad9c29
2026-09-17T07:04:02.0583241Z Build Date: 2026-08-28T16:44:25Z
2026-09-17T07:04:02.0583983Z Worker ID: {51aaa277-3bd6-4d3e-84e6-1b71adcf10d6}
2026-09-17T07:04:02.0584792Z Azure Region: westus
2026-09-17T07:04:02.0585457Z ##[endgroup]
2026-09-17T07:04:02.0586947Z ##[group]Operating System
2026-09-17T07:04:02.0588041Z Ubuntu
2026-09-17T07:04:02.0588618Z 24.04.5
2026-09-17T07:04:02.0589171Z LTS
2026-09-17T07:04:02.0589818Z ##[endgroup]
2026-09-17T07:04:02.0590406Z ##[group]Runner Image
2026-09-17T07:04:02.0591080Z Image: ubuntu-24.04
2026-09-17T07:04:02.0591744Z Version: 20260907.300.1
2026-09-17T07:04:02.0593093Z Included Software: https://github.com/actions/runner-images/blob/ubuntu24/20260907.300/images/ubuntu/Ubuntu2404-Readme.md
2026-09-17T07:04:02.0594711Z Image Release: https://github.com/actions/runner-images/releases/tag/ubuntu24%2F20260907.300
2026-09-17T07:04:02.0595791Z ##[endgroup]
2026-09-17T07:04:02.0596953Z ##[group]GITHUB_TOKEN Permissions
2026-09-17T07:04:02.0599181Z Contents: write
2026-09-17T07:04:02.0599839Z Metadata: read
2026-09-17T07:04:02.0600524Z ##[endgroup]
2026-09-17T07:04:02.0602738Z Secret source: Actions
2026-09-17T07:04:02.0603836Z Cache mode: write
2026-09-17T07:04:02.0604569Z Prepare workflow directory
2026-09-17T07:04:02.0954840Z Prepare all required actions
2026-09-17T07:04:02.1007623Z Getting action download info
2026-09-17T07:04:02.4926057Z Download action repository 'actions/checkout@v4' (SHA:11d5960a326750d5838078e36cf38b85af677262)
2026-09-17T07:04:02.5966928Z Download action repository 'subosito/flutter-action@v2' (SHA:1a449444c387b1966244ae4d4f8c696479add0b2)
2026-09-17T07:04:02.8435119Z Download action repository 'actions/cache@v4' (SHA:0057852bfaa89a56745cba8c7296529d2fc39830)
2026-09-17T07:04:03.0531857Z Getting action download info
2026-09-17T07:04:03.1935100Z Download action repository 'actions/cache@v5' (SHA:caa296126883cff596d87d8935842f9db880ef25)
2026-09-17T07:04:03.3922128Z Complete job name: Android APK
2026-09-17T07:04:03.4900755Z Node 20 is being deprecated. This workflow is running with Node 24 by default. If you need to temporarily use Node 20, you can set the ACTIONS_ALLOW_USE_UNSECURE_NODE_VERSION=true environment variable. For more information see: https://github.blog/changelog/2025-09-19-deprecation-of-node-20-on-github-actions-runners/
2026-09-17T07:04:03.4912333Z ##[group]Run actions/checkout@v4
2026-09-17T07:04:03.4913669Z with:
2026-09-17T07:04:03.4914629Z   repository: free-zuike/***
2026-09-17T07:04:03.4924092Z   token: ***
2026-09-17T07:04:03.4924951Z   ssh-strict: true
2026-09-17T07:04:03.4925804Z   ssh-user: git
2026-09-17T07:04:03.4926678Z   persist-credentials: true
2026-09-17T07:04:03.4927857Z   clean: true
2026-09-17T07:04:03.4928754Z   sparse-checkout-cone-mode: true
2026-09-17T07:04:03.4929828Z   fetch-depth: 1
2026-09-17T07:04:03.4930696Z   fetch-tags: false
2026-09-17T07:04:03.5005397Z   show-progress: true
2026-09-17T07:04:03.5006485Z   lfs: false
2026-09-17T07:04:03.5007574Z   submodules: false
2026-09-17T07:04:03.5008526Z   set-safe-directory: true
2026-09-17T07:04:03.5009549Z   allow-unsafe-pr-checkout: false
2026-09-17T07:04:03.5011393Z ##[endgroup]
2026-09-17T07:04:03.6134534Z Syncing repository: free-zuike/***
2026-09-17T07:04:03.6138198Z ##[group]Getting Git version info
2026-09-17T07:04:03.6140000Z Working directory is '/home/runner/work/***/***'
2026-09-17T07:04:03.6142030Z [command]/usr/bin/git version
2026-09-17T07:04:03.6206197Z git version 2.55.0
2026-09-17T07:04:03.6236305Z ##[endgroup]
2026-09-17T07:04:03.6256289Z Temporarily overriding HOME='/home/runner/work/_temp/9776ffab-3886-4206-bb4e-268cce61e279' before making global git config changes
2026-09-17T07:04:03.6260148Z Adding repository directory to the temporary git global config as a safe directory
2026-09-17T07:04:03.6264346Z [command]/usr/bin/git config --global --add safe.directory /home/runner/work/***/***
2026-09-17T07:04:03.6319559Z Deleting the contents of '/home/runner/work/***/***'
2026-09-17T07:04:03.6331466Z ##[group]Initializing the repository
2026-09-17T07:04:03.6342147Z [command]/usr/bin/git init /home/runner/work/***/***
2026-09-17T07:04:03.6457825Z hint: Using 'master' as the name for the initial branch. This default branch name
2026-09-17T07:04:03.6461728Z hint: will change to "main" in Git 3.0. To configure the initial branch name
2026-09-17T07:04:03.6465469Z hint: to use in all of your new repositories, which will suppress this warning,
2026-09-17T07:04:03.6469078Z hint: call:
2026-09-17T07:04:03.6470643Z hint:
2026-09-17T07:04:03.6472766Z hint: 	git config --global init.defaultBranch <name>
2026-09-17T07:04:03.6486413Z hint:
2026-09-17T07:04:03.6489021Z hint: Names commonly chosen instead of 'master' are 'main', 'trunk' and
2026-09-17T07:04:03.6492409Z hint: 'development'. The just-created branch can be renamed via this command:
2026-09-17T07:04:03.6495498Z hint:
2026-09-17T07:04:03.6496584Z hint: 	git branch -m <name>
2026-09-17T07:04:03.6498362Z hint:
2026-09-17T07:04:03.6500610Z hint: Disable this message with "git config set advice.defaultBranchName false"
2026-09-17T07:04:03.6503779Z Initialized empty Git repository in /home/runner/work/***/***/.git/
2026-09-17T07:04:03.6510613Z [command]/usr/bin/git remote add origin https://github.com/free-zuike/***
2026-09-17T07:04:03.6545096Z ##[endgroup]
2026-09-17T07:04:03.6547724Z ##[group]Disabling automatic garbage collection
2026-09-17T07:04:03.6549926Z [command]/usr/bin/git config --local gc.auto 0
2026-09-17T07:04:03.6588643Z ##[endgroup]
2026-09-17T07:04:03.6591156Z ##[group]Setting up auth
2026-09-17T07:04:03.6595321Z [command]/usr/bin/git config --local --name-only --get-regexp core\.sshCommand
2026-09-17T07:04:03.6632406Z [command]/usr/bin/git submodule foreach --recursive sh -c "git config --local --name-only --get-regexp 'core\.sshCommand' && git config --local --unset-all 'core.sshCommand' || :"
2026-09-17T07:04:03.7018977Z [command]/usr/bin/git config --local --name-only --get-regexp http\.https\:\/\/github\.com\/\.extraheader
2026-09-17T07:04:03.7066777Z [command]/usr/bin/git submodule foreach --recursive sh -c "git config --local --name-only --get-regexp 'http\.https\:\/\/github\.com\/\.extraheader' && git config --local --unset-all 'http.https://github.com/.extraheader' || :"
2026-09-17T07:04:03.7303410Z [command]/usr/bin/git config --local --name-only --get-regexp ^includeIf\.gitdir:
2026-09-17T07:04:03.7341628Z [command]/usr/bin/git submodule foreach --recursive git config --local --show-origin --name-only --get-regexp remote.origin.url
2026-09-17T07:04:03.7574380Z [command]/usr/bin/git config --local http.https://github.com/.extraheader AUTHORIZATION: basic ***
2026-09-17T07:04:03.7614025Z ##[endgroup]
2026-09-17T07:04:03.7615856Z ##[group]Fetching the repository
2026-09-17T07:04:03.7625881Z [command]/usr/bin/git -c protocol.version=2 fetch --no-tags --prune --no-recurse-submodules --depth=1 origin +e32a585f17b3def16e175f9981f28a9c408bebe7:refs/remotes/origin/main
2026-09-17T07:04:04.3826901Z From https://github.com/free-zuike/***
2026-09-17T07:04:04.3827733Z  * [new ref]         e32a585f17b3def16e175f9981f28a9c408bebe7 -> origin/main
2026-09-17T07:04:04.3831950Z ##[endgroup]
2026-09-17T07:04:04.3832388Z ##[group]Determining the checkout info
2026-09-17T07:04:04.3834209Z ##[endgroup]
2026-09-17T07:04:04.3840969Z [command]/usr/bin/git sparse-checkout disable
2026-09-17T07:04:04.3894066Z [command]/usr/bin/git config --local --unset-all extensions.worktreeConfig
2026-09-17T07:04:04.3926601Z ##[group]Checking out the ref
2026-09-17T07:04:04.3941150Z [command]/usr/bin/git checkout --progress --force -B main refs/remotes/origin/main
2026-09-17T07:04:04.4149621Z Switched to a new branch 'main'
2026-09-17T07:04:04.4154411Z branch 'main' set up to track 'origin/main'.
2026-09-17T07:04:04.4161448Z ##[endgroup]
2026-09-17T07:04:04.4209826Z [command]/usr/bin/git log -1 --format=%H
2026-09-17T07:04:04.4238201Z e32a585f17b3def16e175f9981f28a9c408bebe7
2026-09-17T07:04:04.4464527Z ##[group]Run VERSION=$(sed -n "s/.*APP_VERSION = '\([^']*\)'.*/\1/p" frontend-flutter/lib/version.dart | head -1)
2026-09-17T07:04:04.4465345Z [36;1mVERSION=$(sed -n "s/.*APP_VERSION = '\([^']*\)'.*/\1/p" frontend-flutter/lib/version.dart | head -1)[0m
2026-09-17T07:04:04.4466036Z [36;1mif [ -z "$VERSION" ]; then echo "::error::无法从 version.dart 提取版本号"; exit 1; fi[0m
2026-09-17T07:04:04.4466481Z [36;1mgit fetch --tags --quiet || true[0m
2026-09-17T07:04:04.4467075Z [36;1mif git rev-parse -q --verify "refs/tags/***-v${VERSION}" >/dev/null 2>&1; then[0m
2026-09-17T07:04:04.4467949Z [36;1m  TAG_COMMIT=$(git rev-list -n 1 "***-v${VERSION}")[0m
2026-09-17T07:04:04.4468359Z [36;1m  if [ "$TAG_COMMIT" != "$GITHUB_SHA" ]; then[0m
2026-09-17T07:04:04.4469417Z [36;1m    echo "::error::版本号未 bump：***-v${VERSION} 已存在（指向 ${TAG_COMMIT}），当前提交 ${GITHUB_SHA}。发版前请先递增版本号（src/version.ts + frontend-flutter/lib/version.dart + frontend-uni/src/manifest.json + tests/api.test.ts 断言），否则产物会覆盖旧 release。"[0m
2026-09-17T07:04:04.4470315Z [36;1m    exit 1[0m
2026-09-17T07:04:04.4470538Z [36;1m  fi[0m
2026-09-17T07:04:04.4470753Z [36;1mfi[0m
2026-09-17T07:04:04.4470971Z [36;1mecho "版本守卫通过：v${VERSION}"[0m
2026-09-17T07:04:04.4511225Z shell: /usr/bin/bash -e {0}
2026-09-17T07:04:04.4511549Z ##[endgroup]
2026-09-17T07:04:05.6372238Z 版本守卫通过：v0.17.120
2026-09-17T07:04:05.6579875Z ##[group]Run subosito/flutter-action@v2
2026-09-17T07:04:05.6580240Z with:
2026-09-17T07:04:05.6580461Z   channel: stable
2026-09-17T07:04:05.6580685Z   cache: true
2026-09-17T07:04:05.6580899Z   architecture: X64
2026-09-17T07:04:05.6581135Z   pub-cache-path: default
2026-09-17T07:04:05.6581389Z   dry-run: false
2026-09-17T07:04:05.6581672Z   git-source: https://github.com/flutter/flutter.git
2026-09-17T07:04:05.6581999Z ##[endgroup]
2026-09-17T07:04:05.6642213Z ##[start-action display=Make yq tool available on Windows runners;id=__subosito_flutter-action.__run]
2026-09-17T07:04:05.6665920Z ##[end-action id=__subosito_flutter-action.__run;outcome=skipped;conclusion=skipped;duration_ms=0]
2026-09-17T07:04:05.6668428Z ##[start-action display=Make setup script executable;id=__subosito_flutter-action.__run_2]
2026-09-17T07:04:05.6693645Z ##[group]Run chmod +x "$GITHUB_ACTION_PATH/setup.sh"
2026-09-17T07:04:05.6694101Z [36;1mchmod +x "$GITHUB_ACTION_PATH/setup.sh"[0m
2026-09-17T07:04:05.6732453Z shell: /usr/bin/bash --noprofile --norc -e -o pipefail {0}
2026-09-17T07:04:05.6732838Z ##[endgroup]
2026-09-17T07:04:05.6814161Z ##[end-action id=__subosito_flutter-action.__run_2;outcome=success;conclusion=success;duration_ms=14]
2026-09-17T07:04:05.6816511Z ##[start-action display=Set action inputs;id=__subosito_flutter-action.flutter-action]
2026-09-17T07:04:05.6853798Z ##[group]Run $GITHUB_ACTION_PATH/setup.sh -p \
2026-09-17T07:04:05.6854175Z [36;1m$GITHUB_ACTION_PATH/setup.sh -p \[0m
2026-09-17T07:04:05.6854470Z [36;1m  -n '' \[0m
2026-09-17T07:04:05.6854704Z [36;1m  -f '' \[0m
2026-09-17T07:04:05.6854917Z [36;1m  -a 'X64' \[0m
2026-09-17T07:04:05.6855156Z [36;1m  -k '' \[0m
2026-09-17T07:04:05.6855383Z [36;1m  -c '' \[0m
2026-09-17T07:04:05.6855595Z [36;1m  -l '' \[0m
2026-09-17T07:04:05.6855816Z [36;1m  -d 'default' \[0m
2026-09-17T07:04:05.6856153Z [36;1m  -g 'https://github.com/flutter/flutter.git' \[0m
2026-09-17T07:04:05.6856500Z [36;1m  stable[0m
2026-09-17T07:04:05.6889113Z shell: /usr/bin/bash --noprofile --norc -e -o pipefail {0}
2026-09-17T07:04:05.6889484Z ##[endgroup]
2026-09-17T07:04:05.8445975Z ##[end-action id=__subosito_flutter-action.flutter-action;outcome=success;conclusion=success;duration_ms=162]
2026-09-17T07:04:05.8449101Z ##[start-action display=Cache Flutter;id=__subosito_flutter-action.cache-flutter]
2026-09-17T07:04:05.8504843Z ##[group]Run actions/cache@v5
2026-09-17T07:04:05.8505128Z with:
2026-09-17T07:04:05.8505443Z   path: /opt/hostedtoolcache/flutter/stable-3.47.4-x64
2026-09-17T07:04:05.8506132Z   key: flutter-linux-stable-3.47.4-x64-9584c6713b324636289d067944a46fd6b49df14b
2026-09-17T07:04:05.8532081Z   enableCrossOsArchive: false
2026-09-17T07:04:05.8532569Z   fail-on-cache-miss: false
2026-09-17T07:04:05.8532985Z   lookup-only: false
2026-09-17T07:04:05.8533370Z   save-always: false
2026-09-17T07:04:05.8533734Z ##[endgroup]
2026-09-17T07:04:06.2503259Z Cache hit for: flutter-linux-stable-3.47.4-x64-9584c6713b324636289d067944a46fd6b49df14b
2026-09-17T07:04:07.5530966Z Received 0 of 1720275084 (0.0%), 0.0 MBs/sec
2026-09-17T07:04:08.5569232Z Received 113246208 of 1720275084 (6.6%), 53.9 MBs/sec
2026-09-17T07:04:09.5624588Z Received 264241152 of 1720275084 (15.4%), 83.8 MBs/sec
2026-09-17T07:04:10.5599283Z Received 398458880 of 1720275084 (23.2%), 94.9 MBs/sec
2026-09-17T07:04:11.5585383Z Received 528482304 of 1720275084 (30.7%), 100.7 MBs/sec
2026-09-17T07:04:12.5582161Z Received 541065216 of 1720275084 (31.5%), 85.9 MBs/sec
2026-09-17T07:04:13.5591546Z Received 671088640 of 1720275084 (39.0%), 91.3 MBs/sec
2026-09-17T07:04:14.5610243Z Received 817889280 of 1720275084 (47.5%), 97.4 MBs/sec
2026-09-17T07:04:15.5622370Z Received 973078528 of 1720275084 (56.6%), 103.0 MBs/sec
2026-09-17T07:04:16.5688546Z Received 1111490560 of 1720275084 (64.6%), 105.9 MBs/sec
2026-09-17T07:04:17.5634102Z Received 1254096896 of 1720275084 (72.9%), 108.6 MBs/sec
2026-09-17T07:04:18.5641047Z Received 1375731712 of 1720275084 (80.0%), 109.2 MBs/sec
2026-09-17T07:04:19.5643964Z Received 1488977920 of 1720275084 (86.6%), 109.1 MBs/sec
2026-09-17T07:04:20.5661934Z Received 1610612736 of 1720275084 (93.6%), 109.6 MBs/sec
2026-09-17T07:04:21.4066953Z Received 1720275084 of 1720275084 (100.0%), 110.4 MBs/sec
2026-09-17T07:04:21.4069927Z Cache Size: ~1641 MB (1720275084 B)
2026-09-17T07:04:21.4194550Z [command]/usr/bin/tar -xf /home/runner/work/_temp/7bae9596-5934-4767-ba02-9f057c257bf2/cache.tzst -P -C /home/runner/work/***/*** --use-compress-program unzstd
2026-09-17T07:04:26.1321837Z Cache restored successfully
2026-09-17T07:04:26.8277732Z Cache restored from key: flutter-linux-stable-3.47.4-x64-9584c6713b324636289d067944a46fd6b49df14b
2026-09-17T07:04:26.8406703Z ##[end-action id=__subosito_flutter-action.cache-flutter;outcome=success;conclusion=success;duration_ms=20995]
2026-09-17T07:04:26.8410382Z ##[start-action display=Cache pub dependencies;id=__subosito_flutter-action.cache-pub]
2026-09-17T07:04:26.9404558Z ##[group]Run actions/cache@v5
2026-09-17T07:04:26.9404834Z with:
2026-09-17T07:04:26.9405050Z   path: /home/runner/.pub-cache
2026-09-17T07:04:26.9405483Z   key: flutter-pub-linux-stable-3.47.4-x64-9584c6713b324636289d067944a46fd6b49df14b-
2026-09-17T07:04:26.9405942Z   enableCrossOsArchive: false
2026-09-17T07:04:26.9406205Z   fail-on-cache-miss: false
2026-09-17T07:04:26.9406448Z   lookup-only: false
2026-09-17T07:04:26.9406673Z   save-always: false
2026-09-17T07:04:26.9406898Z ##[endgroup]
2026-09-17T07:04:27.3423472Z Cache hit for: flutter-pub-linux-stable-3.47.4-x64-9584c6713b324636289d067944a46fd6b49df14b-
2026-09-17T07:04:28.6432662Z Received 0 of 46206136 (0.0%), 0.0 MBs/sec
2026-09-17T07:04:29.2065507Z Received 46206136 of 46206136 (100.0%), 28.2 MBs/sec
2026-09-17T07:04:29.2067907Z Cache Size: ~44 MB (46206136 B)
2026-09-17T07:04:29.2108170Z [command]/usr/bin/tar -xf /home/runner/work/_temp/360f60bd-ade3-407b-86ec-a286c0d600ea/cache.tzst -P -C /home/runner/work/***/*** --use-compress-program unzstd
2026-09-17T07:04:30.2303060Z Cache restored successfully
2026-09-17T07:04:30.2406559Z Cache restored from key: flutter-pub-linux-stable-3.47.4-x64-9584c6713b324636289d067944a46fd6b49df14b-
2026-09-17T07:04:30.2489519Z ##[end-action id=__subosito_flutter-action.cache-pub;outcome=success;conclusion=success;duration_ms=3407]
2026-09-17T07:04:30.2492002Z ##[start-action display=Run setup script;id=__subosito_flutter-action.__run_3]
2026-09-17T07:04:30.2526421Z ##[group]Run $GITHUB_ACTION_PATH/setup.sh \
2026-09-17T07:04:30.2526790Z [36;1m$GITHUB_ACTION_PATH/setup.sh \[0m
2026-09-17T07:04:30.2527081Z [36;1m  -n '3.47.4' \[0m
2026-09-17T07:04:30.2527939Z [36;1m  -a 'x64' \[0m
2026-09-17T07:04:30.2528452Z [36;1m  -c '/opt/hostedtoolcache/flutter/stable-3.47.4-x64' \[0m
2026-09-17T07:04:30.2529073Z [36;1m  -d '/home/runner/.pub-cache' \[0m
2026-09-17T07:04:30.2529467Z [36;1m  stable[0m
2026-09-17T07:04:30.2565546Z shell: /usr/bin/bash --noprofile --norc -e -o pipefail {0}
2026-09-17T07:04:30.2565920Z ##[endgroup]
2026-09-17T07:04:30.3946243Z ##[end-action id=__subosito_flutter-action.__run_3;outcome=success;conclusion=success;duration_ms=145]
2026-09-17T07:04:30.4572402Z Node 20 is being deprecated. This workflow is running with Node 24 by default. If you need to temporarily use Node 20, you can set the ACTIONS_ALLOW_USE_UNSECURE_NODE_VERSION=true environment variable. For more information see: https://github.blog/changelog/2025-09-19-deprecation-of-node-20-on-github-actions-runners/
2026-09-17T07:04:30.4573791Z ##[group]Run actions/cache@v4
2026-09-17T07:04:30.4574056Z with:
2026-09-17T07:04:30.4574275Z   path: ~/.pub-cache
2026-09-17T07:04:30.4574748Z   key: Linux-pub-b13d35816bbede093299c16ef71c4bca9d5471b3f2f8ad2a3fb087fd5efe5e02
2026-09-17T07:04:30.4575215Z   restore-keys: Linux-pub-

2026-09-17T07:04:30.4575494Z   enableCrossOsArchive: false
2026-09-17T07:04:30.4575761Z   fail-on-cache-miss: false
2026-09-17T07:04:30.4576033Z   lookup-only: false
2026-09-17T07:04:30.4576266Z   save-always: false
2026-09-17T07:04:30.4576483Z env:
2026-09-17T07:04:30.4576792Z   FLUTTER_ROOT: /opt/hostedtoolcache/flutter/stable-3.47.4-x64/flutter
2026-09-17T07:04:30.4577230Z   PUB_CACHE: /home/runner/.pub-cache
2026-09-17T07:04:30.4577802Z ##[endgroup]
2026-09-17T07:04:30.5661040Z (node:2529) [DEP0040] DeprecationWarning: The `punycode` module is deprecated. Please use a userland alternative instead.
2026-09-17T07:04:30.5661945Z (Use `node --trace-deprecation ...` to show where the warning was created)
2026-09-17T07:04:30.8120353Z Cache hit for: Linux-pub-b13d35816bbede093299c16ef71c4bca9d5471b3f2f8ad2a3fb087fd5efe5e02
2026-09-17T07:04:30.8224485Z (node:2529) [DEP0169] DeprecationWarning: `url.parse()` behavior is not standardized and prone to errors that have security implications. Use the WHATWG URL API instead. CVEs are not issued for `url.parse()` vulnerabilities.
2026-09-17T07:04:32.0815631Z Received 4194304 of 46732279 (9.0%), 4.0 MBs/sec
2026-09-17T07:04:32.4937130Z Received 46732279 of 46732279 (100.0%), 31.5 MBs/sec
2026-09-17T07:04:32.4938035Z Cache Size: ~45 MB (46732279 B)
2026-09-17T07:04:32.4971394Z [command]/usr/bin/tar -xf /home/runner/work/_temp/b9fd7386-5cc5-46d3-a757-f948cea3ea8a/cache.tzst -P -C /home/runner/work/***/*** --use-compress-program unzstd
2026-09-17T07:04:33.8305043Z Cache restored successfully
2026-09-17T07:04:33.8403806Z Cache restored from key: Linux-pub-b13d35816bbede093299c16ef71c4bca9d5471b3f2f8ad2a3fb087fd5efe5e02
2026-09-17T07:04:33.8514529Z ##[group]Run echo "ver=$(flutter --version 2>/dev/null | sed -n 's/^Flutter \([0-9.]*\).*/\1/p')" >> "$GITHUB_OUTPUT"
2026-09-17T07:04:33.8515696Z [36;1mecho "ver=$(flutter --version 2>/dev/null | sed -n 's/^Flutter \([0-9.]*\).*/\1/p')" >> "$GITHUB_OUTPUT"[0m
2026-09-17T07:04:33.8552983Z shell: /usr/bin/bash -e {0}
2026-09-17T07:04:33.8553267Z env:
2026-09-17T07:04:33.8553592Z   FLUTTER_ROOT: /opt/hostedtoolcache/flutter/stable-3.47.4-x64/flutter
2026-09-17T07:04:33.8554012Z   PUB_CACHE: /home/runner/.pub-cache
2026-09-17T07:04:33.8554298Z ##[endgroup]
2026-09-17T07:04:34.5379450Z Node 20 is being deprecated. This workflow is running with Node 24 by default. If you need to temporarily use Node 20, you can set the ACTIONS_ALLOW_USE_UNSECURE_NODE_VERSION=true environment variable. For more information see: https://github.blog/changelog/2025-09-19-deprecation-of-node-20-on-github-actions-runners/
2026-09-17T07:04:34.5380852Z ##[group]Run actions/cache@v4
2026-09-17T07:04:34.5381127Z with:
2026-09-17T07:04:34.5381374Z   path: ~/.gradle/caches
~/.gradle/wrapper

2026-09-17T07:04:34.5381701Z   key: Linux-gradle-3.47.4
2026-09-17T07:04:34.5382002Z   restore-keys: Linux-gradle-

2026-09-17T07:04:34.5382475Z   enableCrossOsArchive: false
2026-09-17T07:04:34.5382758Z   fail-on-cache-miss: false
2026-09-17T07:04:34.5383064Z   lookup-only: false
2026-09-17T07:04:34.5383304Z   save-always: false
2026-09-17T07:04:34.5383528Z env:
2026-09-17T07:04:34.5383842Z   FLUTTER_ROOT: /opt/hostedtoolcache/flutter/stable-3.47.4-x64/flutter
2026-09-17T07:04:34.5384308Z   PUB_CACHE: /home/runner/.pub-cache
2026-09-17T07:04:34.5384595Z ##[endgroup]
2026-09-17T07:04:34.6471987Z (node:2575) [DEP0040] DeprecationWarning: The `punycode` module is deprecated. Please use a userland alternative instead.
2026-09-17T07:04:34.6472742Z (Use `node --trace-deprecation ...` to show where the warning was created)
2026-09-17T07:04:34.8999230Z Cache hit for: Linux-gradle-3.47.4
2026-09-17T07:04:34.9112959Z (node:2575) [DEP0169] DeprecationWarning: `url.parse()` behavior is not standardized and prone to errors that have security implications. Use the WHATWG URL API instead. CVEs are not issued for `url.parse()` vulnerabilities.
2026-09-17T07:04:36.1725828Z Received 4194304 of 1719958083 (0.2%), 4.0 MBs/sec
2026-09-17T07:04:37.1731188Z Received 130023424 of 1719958083 (7.6%), 62.0 MBs/sec
2026-09-17T07:04:38.1811836Z Received 268435456 of 1719958083 (15.6%), 85.1 MBs/sec
2026-09-17T07:04:39.1814982Z Received 402653184 of 1719958083 (23.4%), 95.8 MBs/sec
2026-09-17T07:04:40.1820553Z Received 587202560 of 1719958083 (34.1%), 111.8 MBs/sec
2026-09-17T07:04:41.1858774Z Received 754974720 of 1719958083 (43.9%), 119.8 MBs/sec
2026-09-17T07:04:42.2062808Z Received 939524096 of 1719958083 (54.6%), 127.4 MBs/sec
2026-09-17T07:04:43.2063971Z Received 1098907648 of 1719958083 (63.9%), 130.4 MBs/sec
2026-09-17T07:04:44.2081599Z Received 1283457024 of 1719958083 (74.6%), 135.5 MBs/sec
2026-09-17T07:04:45.2095606Z Received 1451229184 of 1719958083 (84.4%), 137.9 MBs/sec
2026-09-17T07:04:46.2198519Z Received 1610612736 of 1719958083 (93.6%), 139.1 MBs/sec
2026-09-17T07:04:46.8735798Z Received 1719958083 of 1719958083 (100.0%), 140.2 MBs/sec
2026-09-17T07:04:46.8736806Z Cache Size: ~1640 MB (1719958083 B)
2026-09-17T07:04:46.8892269Z [command]/usr/bin/tar -xf /home/runner/work/_temp/9f16596e-e287-4c78-b9ca-dba4cc150230/cache.tzst -P -C /home/runner/work/***/*** --use-compress-program unzstd
2026-09-17T07:04:56.1757256Z Cache restored successfully
2026-09-17T07:04:56.5736228Z Cache restored from key: Linux-gradle-3.47.4
2026-09-17T07:04:56.5915840Z ##[group]Run flutter create --org com.*** --project-name ***_app .
2026-09-17T07:04:56.5916836Z [36;1mflutter create --org com.*** --project-name ***_app .[0m
2026-09-17T07:04:56.5973297Z shell: /usr/bin/bash -e {0}
2026-09-17T07:04:56.5973813Z env:
2026-09-17T07:04:56.5974420Z   FLUTTER_ROOT: /opt/hostedtoolcache/flutter/stable-3.47.4-x64/flutter
2026-09-17T07:04:56.5975116Z   PUB_CACHE: /home/runner/.pub-cache
2026-09-17T07:04:56.5975432Z ##[endgroup]
2026-09-17T07:04:57.0509752Z Recreating project ....
2026-09-17T07:04:57.0952360Z   macos/RunnerTests/RunnerTests.swift (created)
2026-09-17T07:04:57.1644504Z   macos/Runner.xcworkspace/contents.xcworkspacedata (created)
2026-09-17T07:04:57.1652740Z   macos/Runner.xcworkspace/xcshareddata/IDEWorkspaceChecks.plist (created)
2026-09-17T07:04:57.1659009Z   macos/.gitignore (created)
2026-09-17T07:04:57.1664211Z   macos/Runner/Info.plist (created)
2026-09-17T07:04:57.1670543Z   macos/Runner/Base.lproj/MainMenu.xib (created)
2026-09-17T07:04:57.1677783Z   macos/Runner/Assets.xcassets/AppIcon.appiconset/app_icon_64.png (created)
2026-09-17T07:04:57.1698347Z   macos/Runner/Assets.xcassets/AppIcon.appiconset/app_icon_512.png (created)
2026-09-17T07:04:57.1699725Z   macos/Runner/Assets.xcassets/AppIcon.appiconset/app_icon_32.png (created)
2026-09-17T07:04:57.3214941Z   macos/Runner/Assets.xcassets/AppIcon.appiconset/Contents.json (created)
2026-09-17T07:04:57.3224694Z   macos/Runner/Assets.xcassets/AppIcon.appiconset/app_icon_16.png (created)
2026-09-17T07:04:57.3238676Z   macos/Runner/Assets.xcassets/AppIcon.appiconset/app_icon_1024.png (created)
2026-09-17T07:04:57.3248513Z   macos/Runner/Assets.xcassets/AppIcon.appiconset/app_icon_128.png (created)
2026-09-17T07:04:57.3249947Z   macos/Runner/Assets.xcassets/AppIcon.appiconset/app_icon_256.png (created)
2026-09-17T07:04:57.3251005Z   macos/Runner/AppDelegate.swift (created)
2026-09-17T07:04:57.3251858Z   macos/Runner/DebugProfile.entitlements (created)
2026-09-17T07:04:57.3253176Z   macos/Runner/Configs/Release.xcconfig (created)
2026-09-17T07:04:57.3268223Z   macos/Runner/Configs/Warnings.xcconfig (created)
2026-09-17T07:04:57.3268703Z   macos/Runner/Configs/Debug.xcconfig (created)
2026-09-17T07:04:57.3269289Z   macos/Runner/Configs/AppInfo.xcconfig (created)
2026-09-17T07:04:57.3291108Z   macos/Runner/Release.entitlements (created)
2026-09-17T07:04:57.3295735Z   macos/Runner/MainFlutterWindow.swift (created)
2026-09-17T07:04:57.3300038Z   macos/Runner.xcodeproj/project.pbxproj (created)
2026-09-17T07:04:57.4658874Z   macos/Runner.xcodeproj/project.xcworkspace/xcshareddata/IDEWorkspaceChecks.plist (created)
2026-09-17T07:04:57.4659844Z   macos/Runner.xcodeproj/xcshareddata/xcschemes/Runner.xcscheme (created)
2026-09-17T07:04:57.4660332Z   macos/Flutter/Flutter-Release.xcconfig (created)
2026-09-17T07:04:57.4668237Z   macos/Flutter/Flutter-Debug.xcconfig (created)
2026-09-17T07:04:57.4669337Z   README.md (created)
2026-09-17T07:04:57.4676329Z   analysis_options.yaml (created)
2026-09-17T07:04:57.5281116Z   ***_app.iml (created)
2026-09-17T07:04:57.5294577Z   windows/.gitignore (created)
2026-09-17T07:04:57.6222596Z   windows/flutter/CMakeLists.txt (created)
2026-09-17T07:04:57.6228172Z   windows/CMakeLists.txt (created)
2026-09-17T07:04:57.6239581Z   windows/runner/flutter_window.h (created)
2026-09-17T07:04:57.6245107Z   windows/runner/CMakeLists.txt (created)
2026-09-17T07:04:57.6249671Z   windows/runner/main.cpp (created)
2026-09-17T07:04:57.6255263Z   windows/runner/flutter_window.cpp (created)
2026-09-17T07:04:57.6259145Z   windows/runner/resource.h (created)
2026-09-17T07:04:57.6262659Z   windows/runner/utils.h (created)
2026-09-17T07:04:57.6275517Z   windows/runner/win32_window.h (created)
2026-09-17T07:04:57.6278129Z   windows/runner/Runner.rc (created)
2026-09-17T07:04:57.6282016Z   windows/runner/resources/app_icon.ico (created)
2026-09-17T07:04:57.6287751Z   windows/runner/runner.exe.manifest (created)
2026-09-17T07:04:57.6291588Z   windows/runner/utils.cpp (created)
2026-09-17T07:04:57.6308598Z   windows/runner/win32_window.cpp (created)
2026-09-17T07:04:57.6309955Z   linux/.gitignore (created)
2026-09-17T07:04:57.6310470Z   linux/flutter/CMakeLists.txt (created)
2026-09-17T07:04:57.6312212Z   linux/CMakeLists.txt (created)
2026-09-17T07:04:57.6321366Z   linux/runner/my_application.cc (created)
2026-09-17T07:04:57.6354062Z   linux/runner/CMakeLists.txt (created)
2026-09-17T07:04:57.6354619Z   linux/runner/main.cc (created)
2026-09-17T07:04:57.6355194Z   linux/runner/my_application.h (created)
2026-09-17T07:04:57.6355879Z   android/gradle/wrapper/gradle-wrapper.properties (created)
2026-09-17T07:04:57.6728656Z   android/app/src/debug/AndroidManifest.xml (created)
2026-09-17T07:04:57.6729407Z   android/app/src/profile/AndroidManifest.xml (created)
2026-09-17T07:04:57.6738197Z   android/app/src/main/AndroidManifest.xml (created)
2026-09-17T07:04:57.6750782Z   android/app/src/main/res/values/styles.xml (created)
2026-09-17T07:04:57.6758372Z   android/app/src/main/res/mipmap-xhdpi/ic_launcher.png (created)
2026-09-17T07:04:57.6759302Z   android/app/src/main/res/drawable/launch_background.xml (created)
2026-09-17T07:04:57.6761570Z   android/app/src/main/res/mipmap-mdpi/ic_launcher.png (created)
2026-09-17T07:04:57.7183766Z   android/app/src/main/res/mipmap-xxxhdpi/ic_launcher.png (created)
2026-09-17T07:04:57.7201334Z   android/app/src/main/res/mipmap-xxhdpi/ic_launcher.png (created)
2026-09-17T07:04:57.7202203Z   android/app/src/main/res/mipmap-hdpi/ic_launcher.png (created)
2026-09-17T07:04:57.7203045Z   android/app/src/main/res/drawable-v21/launch_background.xml (created)
2026-09-17T07:04:57.7211418Z   android/app/src/main/res/values-night/styles.xml (created)
2026-09-17T07:04:57.7639084Z   android/settings.gradle.kts (created)
2026-09-17T07:04:57.7645476Z   android/.gitignore (created)
2026-09-17T07:04:57.7650564Z   android/gradle.properties (created)
2026-09-17T07:04:57.7654904Z   android/app/build.gradle.kts (created)
2026-09-17T07:04:57.7663209Z   android/app/src/main/kotlin/com/***/***_app/MainActivity.kt (created)
2026-09-17T07:04:57.7676153Z   android/***_app_android.iml (created)
2026-09-17T07:04:57.7682258Z   android/build.gradle.kts (created)
2026-09-17T07:04:57.7690802Z   web/index.html (created)
2026-09-17T07:04:57.7699316Z   web/favicon.png (created)
2026-09-17T07:04:57.7708470Z   web/manifest.json (created)
2026-09-17T07:04:57.7714670Z   web/icons/Icon-maskable-512.png (created)
2026-09-17T07:04:57.7721080Z   web/icons/Icon-192.png (created)
2026-09-17T07:04:57.7726672Z   web/icons/Icon-512.png (created)
2026-09-17T07:04:57.8292930Z   web/icons/Icon-maskable-192.png (created)
2026-09-17T07:04:57.8307995Z   .idea/libraries/KotlinJavaRuntime.xml (created)
2026-09-17T07:04:57.8318501Z   .idea/libraries/Dart_SDK.xml (created)
2026-09-17T07:04:57.8756778Z   .idea/runConfigurations/main_dart.xml (created)
2026-09-17T07:04:57.8764338Z   .idea/modules.xml (created)
2026-09-17T07:04:57.8770024Z   .idea/workspace.xml (created)
2026-09-17T07:04:57.8776267Z   ios/RunnerTests/RunnerTests.swift (created)
2026-09-17T07:04:57.8784890Z   ios/Runner.xcworkspace/contents.xcworkspacedata (created)
2026-09-17T07:04:57.8789803Z   ios/Runner.xcworkspace/xcshareddata/WorkspaceSettings.xcsettings (created)
2026-09-17T07:04:57.8794378Z   ios/Runner.xcworkspace/xcshareddata/IDEWorkspaceChecks.plist (created)
2026-09-17T07:04:57.8797958Z   ios/.gitignore (created)
2026-09-17T07:04:57.8801964Z   ios/Runner/Base.lproj/Main.storyboard (created)
2026-09-17T07:04:57.8807592Z   ios/Runner/Base.lproj/LaunchScreen.storyboard (created)
2026-09-17T07:04:57.8811340Z   ios/Runner/Assets.xcassets/AppIcon.appiconset/Contents.json (created)
2026-09-17T07:04:57.8816469Z   ios/Runner/Assets.xcassets/AppIcon.appiconset/Icon-App-40x40@3x.png (created)
2026-09-17T07:04:57.8820906Z   ios/Runner/Assets.xcassets/AppIcon.appiconset/Icon-App-1024x1024@1x.png (created)
2026-09-17T07:04:57.8825465Z   ios/Runner/Assets.xcassets/AppIcon.appiconset/Icon-App-20x20@3x.png (created)
2026-09-17T07:04:57.8830007Z   ios/Runner/Assets.xcassets/AppIcon.appiconset/Icon-App-40x40@1x.png (created)
2026-09-17T07:04:57.8834057Z   ios/Runner/Assets.xcassets/AppIcon.appiconset/Icon-App-76x76@1x.png (created)
2026-09-17T07:04:57.8838525Z   ios/Runner/Assets.xcassets/AppIcon.appiconset/Icon-App-29x29@1x.png (created)
2026-09-17T07:04:57.8842852Z   ios/Runner/Assets.xcassets/AppIcon.appiconset/Icon-App-29x29@2x.png (created)
2026-09-17T07:04:57.8847371Z   ios/Runner/Assets.xcassets/AppIcon.appiconset/Icon-App-20x20@1x.png (created)
2026-09-17T07:04:57.8851442Z   ios/Runner/Assets.xcassets/AppIcon.appiconset/Icon-App-29x29@3x.png (created)
2026-09-17T07:04:57.8856947Z   ios/Runner/Assets.xcassets/AppIcon.appiconset/Icon-App-40x40@2x.png (created)
2026-09-17T07:04:57.8861510Z   ios/Runner/Assets.xcassets/AppIcon.appiconset/Icon-App-60x60@3x.png (created)
2026-09-17T07:04:57.8865649Z   ios/Runner/Assets.xcassets/AppIcon.appiconset/Icon-App-60x60@2x.png (created)
2026-09-17T07:04:57.8870330Z   ios/Runner/Assets.xcassets/AppIcon.appiconset/Icon-App-76x76@2x.png (created)
2026-09-17T07:04:57.8874236Z   ios/Runner/Assets.xcassets/AppIcon.appiconset/Icon-App-20x20@2x.png (created)
2026-09-17T07:04:57.9237721Z   ios/Runner/Assets.xcassets/AppIcon.appiconset/Icon-App-83.5x83.5@2x.png (created)
2026-09-17T07:04:57.9242400Z   ios/Runner/Assets.xcassets/LaunchImage.imageset/Contents.json (created)
2026-09-17T07:04:57.9247666Z   ios/Runner/Assets.xcassets/LaunchImage.imageset/LaunchImage@2x.png (created)
2026-09-17T07:04:57.9251775Z   ios/Runner/Assets.xcassets/LaunchImage.imageset/LaunchImage@3x.png (created)
2026-09-17T07:04:57.9256208Z   ios/Runner/Assets.xcassets/LaunchImage.imageset/README.md (created)
2026-09-17T07:04:57.9268312Z   ios/Runner/Assets.xcassets/LaunchImage.imageset/LaunchImage.png (created)
2026-09-17T07:04:57.9269280Z   ios/Runner/AppDelegate.swift (created)
2026-09-17T07:04:57.9270269Z   ios/Runner/Info.plist (created)
2026-09-17T07:04:57.9275373Z   ios/Runner/Runner-Bridging-Header.h (created)
2026-09-17T07:04:57.9279423Z   ios/Runner/SceneDelegate.swift (created)
2026-09-17T07:04:57.9283211Z   ios/Runner.xcodeproj/project.pbxproj (created)
2026-09-17T07:04:58.0154307Z   ios/Runner.xcodeproj/project.xcworkspace/contents.xcworkspacedata (created)
2026-09-17T07:04:58.0160154Z   ios/Runner.xcodeproj/project.xcworkspace/xcshareddata/WorkspaceSettings.xcsettings (created)
2026-09-17T07:04:58.0164623Z   ios/Runner.xcodeproj/project.xcworkspace/xcshareddata/IDEWorkspaceChecks.plist (created)
2026-09-17T07:04:58.0169103Z   ios/Runner.xcodeproj/xcshareddata/xcschemes/Runner.xcscheme (created)
2026-09-17T07:04:58.0183762Z   ios/Flutter/AppFrameworkInfo.plist (created)
2026-09-17T07:04:58.0188253Z   ios/Flutter/Release.xcconfig (created)
2026-09-17T07:04:58.0218227Z   ios/Flutter/Debug.xcconfig (created)
2026-09-17T07:04:58.0228081Z   .gitignore (created)
2026-09-17T07:04:58.0228376Z   test/widget_test.dart (created)
2026-09-17T07:04:58.5116046Z Resolving dependencies...
2026-09-17T07:04:59.3504816Z Downloading packages...
2026-09-17T07:04:59.3555121Z Got dependencies.
2026-09-17T07:04:59.7950094Z Wrote 129 files.
2026-09-17T07:04:59.7950493Z 
2026-09-17T07:04:59.7950692Z All done!
2026-09-17T07:04:59.7959080Z You can find general documentation for Flutter at: https://docs.flutter.dev/
2026-09-17T07:04:59.7960103Z Detailed API documentation is available at: https://api.flutter.dev/
2026-09-17T07:04:59.7961097Z If you prefer video documentation, consider: https://www.youtube.com/c/flutterdev
2026-09-17T07:04:59.7961717Z 
2026-09-17T07:04:59.7961930Z In order to run your application, type:
2026-09-17T07:04:59.7962290Z 
2026-09-17T07:04:59.7962466Z   $ flutter run
2026-09-17T07:04:59.7962659Z 
2026-09-17T07:04:59.7962833Z Your application code is in ./lib/main.dart.
2026-09-17T07:04:59.7963090Z 
2026-09-17T07:05:01.4213638Z ##[group]Run # ① Android 版本与应用版本号同步：versionName=三位版本号；versionCode=三位加权拼成正整数（单调递增，覆盖升级稳定）。
2026-09-17T07:05:01.4214371Z [36;1m# ① Android 版本与应用版本号同步：versionName=三位版本号；versionCode=三位加权拼成正整数（单调递增，覆盖升级稳定）。[0m
2026-09-17T07:05:01.4215006Z [36;1m#    不用改写 pubspec version：pub 的 version 格式只支持 x.y.z[+build]，四段 0.8.1.0 会判非法导致构建失败。[0m
2026-09-17T07:05:01.4215598Z [36;1mVERSION=$(grep -oP "APP_VERSION = '\K[^']+" lib/version.dart || exit 1)[0m
2026-09-17T07:05:01.4216155Z [36;1mBUILD_NUM=$(echo "$VERSION" | awk -F. '{print ($1*1000000)+($2*10000)+($3*100)}')[0m
2026-09-17T07:05:01.4216705Z [36;1m# ② 包名统一 com.***.app（与「陶朱」一致：避免两个应用并存、可覆盖升级）[0m
2026-09-17T07:05:01.4217838Z [36;1msed -i 's|namespace = ".*"|namespace = "com.***.app"|; s|applicationId = ".*"|applicationId = "com.***.app"|' android/app/build.gradle.kts[0m
2026-09-17T07:05:01.4218730Z [36;1m# ②b MainActivity 类包与 applicationId 对齐——只改 namespace 不改类路径会 ClassNotFoundException 启动即崩[0m
2026-09-17T07:05:01.4219476Z [36;1mif [ -f android/app/src/main/kotlin/com/***/***_app/MainActivity.kt ]; then[0m
2026-09-17T07:05:01.4220288Z [36;1m  sed -i 's|package com.***.***_app|package com.***.app|' android/app/src/main/kotlin/com/***/***_app/MainActivity.kt[0m
2026-09-17T07:05:01.4220924Z [36;1m  mkdir -p android/app/src/main/kotlin/com/***/app[0m
2026-09-17T07:05:01.4221650Z [36;1m  mv android/app/src/main/kotlin/com/***/***_app/MainActivity.kt android/app/src/main/kotlin/com/***/app/MainActivity.kt[0m
2026-09-17T07:05:01.4222230Z [36;1mfi[0m
2026-09-17T07:05:01.4222661Z [36;1m# ②c 主 manifest 加 INTERNET 权限：Flutter 模板只在 debug/profile 清单有，release 无此权限=全部网络请求(DNS/连接)被拒→登录必失败[0m
2026-09-17T07:05:01.4223530Z [36;1msed -i 's|<application|<uses-permission android:name="android.permission.INTERNET"/><application|' android/app/src/main/AndroidManifest.xml[0m
2026-09-17T07:05:01.4224260Z [36;1m# ②d 应用内更新：允许安装未知来源 APK（检查更新→下载→open_filex 触发安装器）[0m
2026-09-17T07:05:01.4225267Z [36;1msed -i 's|<application|<uses-permission android:name="android.permission.REQUEST_INSTALL_PACKAGES"/><application|' android/app/src/main/AndroidManifest.xml[0m
2026-09-17T07:05:01.4226028Z [36;1m# ②e 最小权限：依赖库（image_picker 等）合并进来的媒体读取权限全部移除[0m
2026-09-17T07:05:01.4226498Z [36;1m#     —— image_picker 1.1.x 用系统 Photo Picker / GET_CONTENT 选图，拍照走系统相机 Intent，均无需存储权限；[0m
2026-09-17T07:05:01.4227005Z [36;1m#     tools:node="remove" 对不存在的权限是 no-op，未来依赖升级也安全。[0m
2026-09-17T07:05:01.4228633Z [36;1msed -i 's|<manifest xmlns:android="http://schemas.android.com/apk/res/android">|<manifest xmlns:android="http://schemas.android.com/apk/res/android" xmlns:tools="http://schemas.android.com/tools">|' android/app/src/main/AndroidManifest.xml[0m
2026-09-17T07:05:01.4231347Z [36;1msed -i 's|<application|<uses-permission android:name="android.permission.READ_MEDIA_IMAGES" tools:node="remove"/><uses-permission android:name="android.permission.READ_MEDIA_VIDEO" tools:node="remove"/><uses-permission android:name="android.permission.READ_MEDIA_AUDIO" tools:node="remove"/><uses-permission android:name="android.permission.READ_EXTERNAL_STORAGE" tools:node="remove"/><uses-permission android:name="android.permission.WRITE_EXTERNAL_STORAGE" tools:node="remove"/><application|' android/app/src/main/AndroidManifest.xml[0m
2026-09-17T07:05:01.4233537Z [36;1m# 应用内更新 = 系统下载器（DownloadManager）：重写 MainActivity，注入 MethodChannel ***/download[0m
2026-09-17T07:05:01.4234045Z [36;1m#     后台下载 + 通知栏（下滑栏）实时进度 + 下载完成回调状态，应用退到后台/被杀仍继续下载。[0m
2026-09-17T07:05:01.4234555Z [36;1m#     源码在仓库 frontend-flutter/android-patch/MainActivity.kt（不 base64 内联，便于维护）[0m
2026-09-17T07:05:01.4235077Z [36;1m#     注意：本步骤 working-directory=frontend-flutter，仓库根需用 ../ 前缀[0m
2026-09-17T07:05:01.4235561Z [36;1mmkdir -p android/app/src/main/kotlin/com/***/app[0m
2026-09-17T07:05:01.4236217Z [36;1mcp ../frontend-flutter/android-patch/MainActivity.kt android/app/src/main/kotlin/com/***/app/MainActivity.kt[0m
2026-09-17T07:05:01.4237640Z [36;1mgrep -q "DownloadManager" android/app/src/main/kotlin/com/***/app/MainActivity.kt && echo "MainActivity 注入 OK"[0m
2026-09-17T07:05:01.4238370Z [36;1m# ③ 应用显示名「陶朱」（新版模板写在 Manifest label；strings.xml 存在也一并改）[0m
2026-09-17T07:05:01.4238943Z [36;1msed -i 's|android:label="[^"]*"|android:label="陶朱"|' android/app/src/main/AndroidManifest.xml[0m
2026-09-17T07:05:01.4240032Z [36;1msed -i 's|<string name="app_name">.*</string>|<string name="app_name">陶朱</string>|; s|<string name="title_activity_main">.*</string>|<string name="title_activity_main">陶朱</string>|' android/app/src/main/res/values/strings.xml || true[0m
2026-09-17T07:05:01.4240979Z [36;1m# ④ 正式签名（复用与「陶朱」相同的 keystore）+ 关 R8（规避 release 闪退）[0m
2026-09-17T07:05:01.4258641Z [36;1mecho "***" | base64 -d > android/app/***-release.keystore[0m
2026-09-17T07:05:01.4259178Z [36;1mcat android-sign.gradle.kts >> android/app/build.gradle.kts[0m
2026-09-17T07:05:01.4259698Z [36;1m# ⑤ 按 ABI 拆包构建（体积：universal ~62MB → arm64 单包 ~25MB；手机基本都是 arm64，下载减半以上）[0m
2026-09-17T07:05:01.4260360Z [36;1mflutter build apk --release --split-per-abi --build-name="$VERSION" --build-number="$BUILD_NUM"[0m
2026-09-17T07:05:01.4260981Z [36;1m# ⑤b 同时保留 universal 包（***-app-{v}.apk）：ABI 查询失败的兜底与桌面/模拟器兼容[0m
2026-09-17T07:05:01.4261500Z [36;1mflutter build apk --release --build-name="$VERSION" --build-number="$BUILD_NUM"[0m
2026-09-17T07:05:01.4298364Z shell: /usr/bin/bash -e {0}
2026-09-17T07:05:01.4298645Z env:
2026-09-17T07:05:01.4298989Z   FLUTTER_ROOT: /opt/hostedtoolcache/flutter/stable-3.47.4-x64/flutter
2026-09-17T07:05:01.4299430Z   PUB_CACHE: /home/runner/.pub-cache
2026-09-17T07:05:01.4299817Z   ANDROID_KEYSTORE_STORE_PASS: ***
2026-09-17T07:05:01.4300170Z   ANDROID_KEYSTORE_KEY_PASS: ***
2026-09-17T07:05:01.4300489Z   ANDROID_KEYSTORE_ALIAS: ***
2026-09-17T07:05:01.4300767Z ##[endgroup]
2026-09-17T07:05:01.4559973Z MainActivity 注入 OK
2026-09-17T07:05:01.4586113Z sed: can't read android/app/src/main/res/values/strings.xml: No such file or directory
2026-09-17T07:05:36.2409418Z WARNING: Your app uses the following plugins that apply Kotlin Gradle Plugin (KGP): share_plus
2026-09-17T07:05:36.2410087Z Running Gradle task 'assembleRelease'...                        
2026-09-17T07:05:36.2411023Z Future versions of Flutter will fail to build if your app uses plugins that apply KGP.
2026-09-17T07:05:36.2411543Z 
2026-09-17T07:05:36.2458503Z Please check the changelogs of these plugins and upgrade to a version that supports Built-in Kotlin.
2026-09-17T07:05:36.2459988Z If no such version exists, report the issue to the plugin. If necessary, here is a guide on filing
2026-09-17T07:05:36.2462087Z an issue against a plugin: https://docs.flutter.dev/release/breaking-changes/migrate-to-built-in-kotlin/for-app-developers#report-incompatible-kotlin-gradle-plugin-usage-to-plugin-authors
2026-09-17T07:05:36.2463626Z 
2026-09-17T07:05:36.2464920Z If you are a plugin author, please migrate your plugin to Built-in Kotlin using this guide: https://docs.flutter.dev/release/breaking-changes/migrate-to-built-in-kotlin/for-plugin-authors
2026-09-17T07:05:44.6223339Z lib/api.dart:155:36: Error: Too many positional arguments: 1 allowed, but 3 found.
2026-09-17T07:05:44.6224518Z Try removing the extra positional arguments.
2026-09-17T07:05:44.6225448Z       final created = _requestInner(path, method, body);
2026-09-17T07:05:44.6226198Z                                    ^
2026-09-17T07:05:44.6231498Z lib/api.dart:160:25: Error: Too many positional arguments: 1 allowed, but 3 found.
2026-09-17T07:05:44.6232609Z Try removing the extra positional arguments.
2026-09-17T07:05:44.6233474Z     return _requestInner(path, method, body);
2026-09-17T07:05:44.6234013Z                         ^
2026-09-17T07:05:53.6230304Z Target kernel_snapshot_program failed: Exception
2026-09-17T07:05:53.6257897Z 
2026-09-17T07:05:53.7228014Z 
2026-09-17T07:05:53.7251337Z FAILURE: Build failed with an exception.
2026-09-17T07:05:53.7256270Z 
2026-09-17T07:05:53.7256640Z * What went wrong:
2026-09-17T07:05:53.7257762Z Execution failed for task ':app:compileFlutterBuildRelease'.
2026-09-17T07:05:53.7261704Z > Process 'command '/opt/hostedtoolcache/flutter/stable-3.47.4-x64/flutter/bin/flutter'' finished with non-zero exit value 1
2026-09-17T07:05:53.7263676Z 
2026-09-17T07:05:53.7264050Z * Try:
2026-09-17T07:05:53.7264786Z > Run with --stacktrace option to get the stack trace.
2026-09-17T07:05:53.7265783Z > Run with --info or --debug option to get more log output.
2026-09-17T07:05:53.7266888Z > Run with --scan to get full insights from a Build Scan (powered by Develocity).
2026-09-17T07:05:53.7268218Z > Get more help at https://help.gradle.org.
2026-09-17T07:05:53.7268829Z 
2026-09-17T07:05:53.7269173Z BUILD FAILED in 51s
2026-09-17T07:05:54.1614767Z Running Gradle task 'assembleRelease'...                           52.0s
2026-09-17T07:05:54.2073988Z Gradle task assembleRelease failed with exit code 1
2026-09-17T07:05:54.2152837Z ##[error]Process completed with exit code 1.
2026-09-17T07:05:54.2212076Z ##[group]Run VERSION=$(grep -oP "APP_VERSION = '\K[^']+" frontend-flutter/lib/version.dart || true)
2026-09-17T07:05:54.2212999Z [36;1mVERSION=$(grep -oP "APP_VERSION = '\K[^']+" frontend-flutter/lib/version.dart || true)[0m
2026-09-17T07:05:54.2213502Z [36;1mif [ -n "$VERSION" ]; then[0m
2026-09-17T07:05:54.2214003Z [36;1m  gh release delete "***-v${VERSION}" --repo "$GITHUB_REPOSITORY" --yes || true[0m
2026-09-17T07:05:54.2214440Z [36;1mfi[0m
2026-09-17T07:05:54.2252198Z shell: /usr/bin/bash -e {0}
2026-09-17T07:05:54.2252506Z env:
2026-09-17T07:05:54.2252884Z   FLUTTER_ROOT: /opt/hostedtoolcache/flutter/stable-3.47.4-x64/flutter
2026-09-17T07:05:54.2253315Z   PUB_CACHE: /home/runner/.pub-cache
2026-09-17T07:05:54.2256085Z   GH_TOKEN: ***
2026-09-17T07:05:54.2256342Z ##[endgroup]
2026-09-17T07:05:54.6888281Z release not found
2026-09-17T07:05:54.7080154Z Post job cleanup.
2026-09-17T07:05:54.7084766Z ##[start-action display=Cache pub dependencies;id=__5aebdf72-ccd2-4f1c-8745-f601879e3d7d.cache-pub]
2026-09-17T07:05:54.7087240Z ##[end-action id=__5aebdf72-ccd2-4f1c-8745-f601879e3d7d.cache-pub;outcome=skipped;conclusion=skipped;duration_ms=0]
2026-09-17T07:05:54.7089561Z ##[start-action display=Cache Flutter;id=__5aebdf72-ccd2-4f1c-8745-f601879e3d7d.cache-flutter]
2026-09-17T07:05:54.7091615Z ##[end-action id=__5aebdf72-ccd2-4f1c-8745-f601879e3d7d.cache-flutter;outcome=skipped;conclusion=skipped;duration_ms=0]
2026-09-17T07:05:54.7159326Z Node 20 is being deprecated. This workflow is running with Node 24 by default. If you need to temporarily use Node 20, you can set the ACTIONS_ALLOW_USE_UNSECURE_NODE_VERSION=true environment variable. For more information see: https://github.blog/changelog/2025-09-19-deprecation-of-node-20-on-github-actions-runners/
2026-09-17T07:05:54.7160625Z Post job cleanup.
2026-09-17T07:05:54.8053759Z [command]/usr/bin/git version
2026-09-17T07:05:54.8100797Z git version 2.55.0
2026-09-17T07:05:54.8142496Z Temporarily overriding HOME='/home/runner/work/_temp/1b651cc4-6e05-48a6-adef-7461c6328009' before making global git config changes
2026-09-17T07:05:54.8144771Z Adding repository directory to the temporary git global config as a safe directory
2026-09-17T07:05:54.8149130Z [command]/usr/bin/git config --global --add safe.directory /home/runner/work/***/***
2026-09-17T07:05:54.8196711Z [command]/usr/bin/git config --local --name-only --get-regexp core\.sshCommand
2026-09-17T07:05:54.8240196Z [command]/usr/bin/git submodule foreach --recursive sh -c "git config --local --name-only --get-regexp 'core\.sshCommand' && git config --local --unset-all 'core.sshCommand' || :"
2026-09-17T07:05:54.8538724Z [command]/usr/bin/git config --local --name-only --get-regexp http\.https\:\/\/github\.com\/\.extraheader
2026-09-17T07:05:54.8598584Z http.https://github.com/.extraheader
2026-09-17T07:05:54.8617804Z [command]/usr/bin/git config --local --unset-all http.https://github.com/.extraheader
2026-09-17T07:05:54.8660866Z [command]/usr/bin/git submodule foreach --recursive sh -c "git config --local --name-only --get-regexp 'http\.https\:\/\/github\.com\/\.extraheader' && git config --local --unset-all 'http.https://github.com/.extraheader' || :"
2026-09-17T07:05:54.8936899Z [command]/usr/bin/git config --local --name-only --get-regexp ^includeIf\.gitdir:
2026-09-17T07:05:54.8980962Z [command]/usr/bin/git submodule foreach --recursive git config --local --show-origin --name-only --get-regexp remote.origin.url
2026-09-17T07:05:54.9420168Z Cleaning up orphan processes
2026-09-17T07:05:54.9758365Z Terminate orphan process: pid (2761) (java)
2026-09-17T07:05:54.9786406Z Terminate orphan process: pid (2841) (java)
2026-09-17T07:05:54.9800451Z ##[warning]Node.js 20 is deprecated. The following actions target Node.js 20 but are being forced to run on Node.js 24: actions/cache@v4, actions/checkout@v4. For more information see: https://github.blog/changelog/2025-09-19-deprecation-of-node-20-on-github-actions-runners/
